eeschema (2013-07-07 BZR 4022)-stable  >> Creation date: 15.10.2013 11:42:50
#Cmp ( порядок = Обозначение )
| 8MHz1      CRYSTAL     
| C1         100nF       
| C2         20pF        
| C3         20pF        
| CT1        STM32F100C4 
| D1         DIODE       
| D2         DIODE       
| D3         DIODE       
| D4         DIODE       
| D5         DIODE       
| D6         DIODE       
| D7         DIODE       
| D8         DIODE       
| D9         LED         
| D10        LED         
| D11        DIODE       
| D12        DIODE       
| D13        DIODE       
| D14        DIODE       
| D15        DIODE       
| D16        DIODE       
| D17        DIODE       
| D18        DIODE       
| ENG1       engine_1    
| ENG2       engine_1    
| ENG3       engine_4    
| ENG4       engine_4    
| JP_BOOT0   BREAKER     
| JP_BOOT1   BREAKER     
| KEY1       IR4426      
| KEY2       IR4426      
| KEY3       IR4426      
| KEY4       IR4426      
| R1         330         
| R2         10k         
| R3         10k         
| R4         510         
| R5         510         
| R6         R           
| R7         R           
| reset1     SW_PUSH     
| SWD1       CONN_4      
| USART1     CONN_4      
| USART2     CONN_4      
#End Cmp

#Cmp ( порядок = Значение )
| 20pF         C2        
| 20pF         C3        
| 100nF        C1        
| STM32F100C4  CT1       
| DIODE        D1        
| DIODE        D2        
| DIODE        D3        
| DIODE        D4        
| DIODE        D5        
| DIODE        D6        
| DIODE        D7        
| DIODE        D8        
| LED          D9        
| LED          D10       
| DIODE        D11       
| DIODE        D12       
| DIODE        D13       
| DIODE        D14       
| DIODE        D15       
| DIODE        D16       
| DIODE        D17       
| DIODE        D18       
| engine_1     ENG1      
| engine_1     ENG2      
| engine_4     ENG3      
| engine_4     ENG4      
| IR4426       KEY1      
| IR4426       KEY2      
| IR4426       KEY3      
| IR4426       KEY4      
| 330          R1        
| 510          R4        
| 510          R5        
| 10k          R2        
| 10k          R3        
| R            R6        
| R            R7        
| SW_PUSH      reset1    
| CONN_4       SWD1      
| CONN_4       USART1    
| CRYSTAL      8MHz1     
| CONN_4       USART2    
| BREAKER      JP_BOOT1  
| BREAKER      JP_BOOT0  
#End Cmp

#End List
